#-----------------------------------------------------------
# Vivado v2018.1 (64-bit)
# SW Build 2188600 on Wed Apr  4 18:40:38 MDT 2018
# IP Build 2185939 on Wed Apr  4 20:55:05 MDT 2018
# Start of session at: Wed Jan 15 10:16:23 2020
# Process ID: 21608
# Current directory: C:/Master/FPGA/ejercicios/EC21/HEX7SEG
# Command line: vivado.exe -gui_launcher_event rodinguilauncherevent21380 C:\Master\FPGA\ejercicios\EC21\HEX7SEG\HEX7SEG.xpr
# Log file: C:/Master/FPGA/ejercicios/EC21/HEX7SEG/vivado.log
# Journal file: C:/Master/FPGA/ejercicios/EC21/HEX7SEG\vivado.jou
#-----------------------------------------------------------
start_gui
open_project C:/Master/FPGA/ejercicios/EC21/HEX7SEG/HEX7SEG.xpr
update_compile_order -fileset sources_1
launch_runs impl_1 -to_step write_bitstream -jobs 2
wait_on_run impl_1
open_hw
connect_hw_server
open_hw_target
set_property PROGRAM.FILE {C:/Master/FPGA/ejercicios/EC21/HEX7SEG/HEX7SEG.runs/impl_1/TOP.bit} [get_hw_devices xc7a35t_0]
current_hw_device [get_hw_devices xc7a35t_0]
refresh_hw_device -update_hw_probes false [lindex [get_hw_devices xc7a35t_0] 0]
set_property PROBES.FILE {} [get_hw_devices xc7a35t_0]
set_property FULL_PROBES.FILE {} [get_hw_devices xc7a35t_0]
set_property PROGRAM.FILE {C:/Master/FPGA/ejercicios/EC21/HEX7SEG/HEX7SEG.runs/impl_1/TOP.bit} [get_hw_devices xc7a35t_0]
program_hw_devices [get_hw_devices xc7a35t_0]
refresh_hw_device [lindex [get_hw_devices xc7a35t_0] 0]
write_project_tcl -no_copy_sources -use_bd_files -force {C:/Master/FPGA/ejercicios/EC21/HEX7SEG.tcl}
close_hw_target {localhost:3121/xilinx_tcf/Digilent/210183A89A85A}
