#-----------------------------------------------------------
# Vivado v2018.1 (64-bit)
# SW Build 2188600 on Wed Apr  4 18:40:38 MDT 2018
# IP Build 2185939 on Wed Apr  4 20:55:05 MDT 2018
# Start of session at: Sun Jan 19 00:52:20 2020
# Process ID: 11896
# Current directory: C:/Users/Manuel/xilinx-workspace/EC24/SINCRONO
# Command line: vivado.exe -gui_launcher_event rodinguilauncherevent10828 C:\Users\Manuel\xilinx-workspace\EC24\SINCRONO\SINCRONO.xpr
# Log file: C:/Users/Manuel/xilinx-workspace/EC24/SINCRONO/vivado.log
# Journal file: C:/Users/Manuel/xilinx-workspace/EC24/SINCRONO\vivado.jou
#-----------------------------------------------------------
start_gui
open_project C:/Users/Manuel/xilinx-workspace/EC24/SINCRONO/SINCRONO.xpr
update_compile_order -fileset sources_1
synth_design -rtl -name rtl_1
launch_simulation
source TOP.tcl
cd C:/Users/Manuel/xilinx-workspace/EC24/SRC/
source mmcm.tcl
source mmcm.tcl
open_run synth_2 -name synth_2
reset_run synth_2
launch_runs impl_2 -jobs 4
wait_on_run impl_2
reset_run synth_2
launch_runs impl_2 -jobs 4
wait_on_run impl_2
close_design
open_run impl_2
close_sim
